// Jest Snapshot v1, https://goo.gl/fbAQLP

exports[`Box Component matches snapshot 1`] = `
<View
  style={
    [
      {},
    ]
  }
/>
`;
