// Jest Snapshot v1, https://goo.gl/fbAQLP

exports[`ProgressiveImage Component matches snapshot 1`] = `
<View
  style={
    [
      {
        "backgroundColor": "transparent",
      },
    ]
  }
>
  <Image
    blurRadius={10}
    collapsable={false}
    onLoad={[Function]}
    source={
      {
        "uri": "mock-image-uri",
      }
    }
    style={
      {
        "opacity": 0,
      }
    }
  />
  <View
    style={
      [
        {
          "overflow": "hidden",
        },
        {
          "bottom": 0,
          "left": 0,
          "opacity": 0,
          "position": "absolute",
          "right": 0,
          "top": 0,
        },
      ]
    }
  >
    <FastImageView
      collapsable={false}
      defaultSource={null}
      onFastImageError={[Function]}
      onFastImageLoad={[Function]}
      onFastImageLoadEnd={[Function]}
      resizeMode="cover"
      source={null}
      style={
        {
          "bottom": 0,
          "left": 0,
          "position": "absolute",
          "right": 0,
          "top": 0,
        }
      }
    />
  </View>
</View>
`;
